2026-08-27T20:14:33Z	ship	cc100dc65aa91e1b6450df3daf1130d595f12c23	telegram	rebase-needed	stage=S0
2026-08-27T20:14:38Z	poll	fe9380b2718fbd6001b597e8838a2d8885c72c82	-	planned	stage=S0
2026-08-27T20:31:52Z	ship-plan	346bf3c26133a4d0970cab5354ef6e03a49e2f78	telegram	planned	stage=S0
2026-08-27T20:31:53Z	poll	346bf3c26133a4d0970cab5354ef6e03a49e2f78	-	planned	stage=S0
2026-08-27T21:18:44Z	ship	ebe9a526e6718d0e71c06afe784d6d37a1a244a8	telegram	fetch-fail	stage=S1
2026-08-27T21:20:00Z	ship	ebe9a526e6718d0e71c06afe784d6d37a1a244a8	telegram	dispatched	stage=S1
2026-08-27T21:51:56Z	ship	aee3c9a414c877e22c168bed96a31ea26d0865d6	telegram	gate-fail	stage=S1
2026-08-27T21:52:32Z	ship	feba202f6ecf9e3e5243fe9c0778c4e405fb3dd0	telegram	dispatched	stage=S1
2026-08-27T23:05:02Z	ship-plan	6ceaa83f219300e0589350129865902e10f6f111	telegram	planned	stage=S1
2026-08-27T23:05:16Z	ship	6ceaa83f219300e0589350129865902e10f6f111	telegram	gate-fail	stage=S1
2026-08-27T23:06:38Z	ship	6ceaa83f219300e0589350129865902e10f6f111	telegram	dispatched	stage=S1
2026-08-28T00:18:39Z	ship-plan	55b93053c4ccb798fd926db0196cf68af43ba729	telegram	planned	stage=S1
2026-08-28T00:18:54Z	ship	55b93053c4ccb798fd926db0196cf68af43ba729	telegram	dispatched	stage=S1
2026-08-28T01:51:51Z	ship	92766a2c788f177a021c58e97c900c73001ac690	telegram	fetch-fail	stage=S1
2026-08-28T01:52:03Z	ship	92766a2c788f177a021c58e97c900c73001ac690	telegram	rebase-needed	stage=S1
2026-08-28T02:01:02Z	ship	71e58ce5cf32214f800977ed49e6867a3c9d470b	telegram	dispatched	stage=S1
2026-08-28T03:12:20Z	ship	87d3bcb82ecd01a15fc5cd8a05b9c7cea1b1745a	telegram	fetch-fail	stage=S1
2026-08-28T03:12:33Z	ship	87d3bcb82ecd01a15fc5cd8a05b9c7cea1b1745a	telegram	dispatched	stage=S1
2026-08-28T09:55:23Z	ship-plan	8d274a38dfe266aab52008826a8d276e9ccac331	telegram	planned	stage=S1
2026-08-28T09:55:30Z	ship	8d274a38dfe266aab52008826a8d276e9ccac331	telegram	dispatched	stage=S1
2026-08-28T09:56:19Z	ship-plan	8d274a38dfe266aab52008826a8d276e9ccac331	telegram	planned	stage=S1
2026-08-28T10:51:35Z	swap	87d3bcb82ecd01a15fc5cd8a05b9c7cea1b1745a	telegram	rolled-back	stage=S2
2026-08-28T11:34:00Z	swap	87d3bcb82ecd01a15fc5cd8a05b9c7cea1b1745a	telegram	deployed	stage=S2
2026-08-28T12:17:55Z	ship	2d6431467cc5dd15cf8370d481e64f9d0acac4b8	telegram	fetch-fail	stage=S2
2026-08-28T12:18:18Z	ship-plan	2d6431467cc5dd15cf8370d481e64f9d0acac4b8	telegram	planned	stage=S2
2026-08-28T12:18:50Z	ship	2d6431467cc5dd15cf8370d481e64f9d0acac4b8	telegram	dispatched	stage=S2
2026-08-28T12:27:17Z	ship	2d6431467cc5dd15cf8370d481e64f9d0acac4b8	telegram	fetch-fail	stage=S2
2026-08-28T12:27:31Z	ship-plan	2d6431467cc5dd15cf8370d481e64f9d0acac4b8	telegram	planned	stage=S2
2026-08-28T12:27:44Z	ship	2d6431467cc5dd15cf8370d481e64f9d0acac4b8	telegram	dispatched	stage=S2
2026-08-28T13:41:36Z	ship	6643cf3c0f88072a56980837a30c21a4c12f7ce4	telegram	fetch-fail	stage=S2
2026-08-28T13:41:41Z	ship-plan	6643cf3c0f88072a56980837a30c21a4c12f7ce4	telegram	planned	stage=S2
2026-08-28T13:41:54Z	ship	6643cf3c0f88072a56980837a30c21a4c12f7ce4	telegram	dispatched	stage=S2
2026-08-28T14:33:21Z	swap	6643cf3c0f88072a56980837a30c21a4c12f7ce4	telegram	deployed	stage=S2
2026-08-28T16:03:43Z	ship	629b56d54dc34c3511cbf492821d6a186eb55d75	telegram	fetch-fail	stage=S3
2026-08-28T16:04:38Z	ship	629b56d54dc34c3511cbf492821d6a186eb55d75	telegram	dispatched	stage=S3
2026-08-28T16:38:53Z	watch	629b56d54dc34c3511cbf492821d6a186eb55d75	-	clean:ship-event	stage=S3
2026-08-28T17:06:06Z	ship	c4b9da9cd1e0f07335ccf553da33efe60aa507ae	telegram	fetch-fail	stage=S3
2026-08-28T17:06:27Z	ship	c4b9da9cd1e0f07335ccf553da33efe60aa507ae	telegram	dispatched	stage=S3
2026-08-28T17:22:14Z	ship	c4b9da9cd1e0f07335ccf553da33efe60aa507ae	telegram	dispatched	stage=S3
2026-08-28T17:50:53Z	watch	c4b9da9cd1e0f07335ccf553da33efe60aa507ae	-	clean:ship-event	stage=S3
2026-08-28T17:50:55Z	poll	c4b9da9cd1e0f07335ccf553da33efe60aa507ae	-	consent-missing	stage=S3
2026-08-28T17:52:07Z	watch	c4b9da9cd1e0f07335ccf553da33efe60aa507ae	-	clean:ship-event	stage=S3
2026-08-28T17:52:09Z	swap	c4b9da9cd1e0f07335ccf553da33efe60aa507ae	telegram	handed-off:oc-swap-c4b9da9c-1787939529	stage=S3
2026-08-28T17:52:43Z	swap	c4b9da9cd1e0f07335ccf553da33efe60aa507ae	telegram	deployed	stage=S3
2026-08-28T17:53:51Z	watch	c4b9da9cd1e0f07335ccf553da33efe60aa507ae	-	clean:deployed-sha	stage=S3
2026-08-28T17:57:53Z	ship	5d7f4b1aab4cfb903b252b17f3c30b37f691e184	telegram	fetch-fail	stage=S3
2026-08-28T17:58:29Z	watch	5d7f4b1aab4cfb903b252b17f3c30b37f691e184	-	ALERT:stray	stage=S3
2026-08-28T17:58:37Z	ship	5d7f4b1aab4cfb903b252b17f3c30b37f691e184	telegram	dispatched	stage=S3
2026-08-28T18:08:47Z	watch	06fe2e0a58c74d911e89f3c40919cba8631d6bee	-	ALERT:stray	stage=S3
2026-08-28T18:08:47Z	ship	5d7f4b1aab4cfb903b252b17f3c30b37f691e184	telegram	rebase-needed	stage=S3
2026-08-28T18:09:03Z	watch	06fe2e0a58c74d911e89f3c40919cba8631d6bee	-	ALERT:stray	stage=S3
2026-08-28T18:09:09Z	ship	06fe2e0a58c74d911e89f3c40919cba8631d6bee	telegram	dispatched	stage=S3
2026-08-28T18:30:38Z	watch	06fe2e0a58c74d911e89f3c40919cba8631d6bee	-	clean:ship-event	stage=S3
2026-08-28T18:30:40Z	poll	06fe2e0a58c74d911e89f3c40919cba8631d6bee	-	consent-missing	stage=S3
2026-08-28T18:31:33Z	watch	06fe2e0a58c74d911e89f3c40919cba8631d6bee	-	clean:ship-event	stage=S3
2026-08-28T18:31:35Z	swap	06fe2e0a58c74d911e89f3c40919cba8631d6bee	telegram	handed-off:oc-swap-06fe2e0a-1787941894	stage=S3
2026-08-28T18:32:18Z	swap	06fe2e0a58c74d911e89f3c40919cba8631d6bee	telegram	deployed	stage=S3
2026-08-28T19:16:20Z	watch	06fe2e0a58c74d911e89f3c40919cba8631d6bee	-	clean:deployed-sha	stage=S3
2026-08-28T20:27:14Z	watch	49125f8c7a33206ec0274a3131e2919fad5de529	-	ALERT:stray	stage=S3
2026-08-28T20:27:21Z	ship	49125f8c7a33206ec0274a3131e2919fad5de529	telegram	dispatched	stage=S3
2026-08-28T20:47:19Z	watch	49125f8c7a33206ec0274a3131e2919fad5de529	-	clean:ship-event	stage=S3
2026-08-28T20:47:21Z	swap	49125f8c7a33206ec0274a3131e2919fad5de529	telegram	handed-off:oc-swap-49125f8c-1787950041	stage=S3
2026-08-28T20:48:05Z	swap	49125f8c7a33206ec0274a3131e2919fad5de529	telegram	deployed	stage=S3
2026-08-28T20:48:35Z	watch	49125f8c7a33206ec0274a3131e2919fad5de529	-	clean:deployed-sha	stage=S3
2026-08-28T21:54:04Z	ship	c6e66d7abf8f647a2d0473391dd603bfaeea8039	telegram	fetch-fail	stage=S3
2026-08-28T21:54:16Z	watch	411102bbf72de55f63d91e3f9b94d1312c4c1b9d	-	ALERT:stray	stage=S3
2026-08-28T21:54:23Z	ship	c6e66d7abf8f647a2d0473391dd603bfaeea8039	telegram	dispatched	stage=S3
2026-08-28T22:22:57Z	watch	c6e66d7abf8f647a2d0473391dd603bfaeea8039	-	clean:ship-event	stage=S3
2026-08-28T22:22:57Z	watch	c6e66d7abf8f647a2d0473391dd603bfaeea8039	-	clean:ship-event	stage=S3
2026-08-29T00:58:28Z	features-resolve	-	telegram	carrier-default	stage=S3
2026-08-29T00:58:28Z	watch	6751d3b7c68e4d6430db47b013c01fc3700b883a	-	ALERT:stray	stage=S3
2026-08-29T00:58:28Z	ship	6751d3b7ea0b14a6345092b6a168a8e88a287f9c	telegram	rebase-needed	stage=S3
2026-08-29T01:00:19Z	features-resolve	-	telegram	carrier-default	stage=S3
2026-08-29T01:00:20Z	watch	6751d3b7c68e4d6430db47b013c01fc3700b883a	-	ALERT:stray	stage=S3
2026-08-29T01:00:20Z	ship-plan	6751d3b7c68e4d6430db47b013c01fc3700b883a	telegram	planned	stage=S3
2026-08-29T01:00:36Z	features-resolve	-	telegram	carrier-default	stage=S3
2026-08-29T01:00:37Z	watch	6751d3b7c68e4d6430db47b013c01fc3700b883a	-	ALERT:stray	stage=S3
2026-08-29T01:00:42Z	ship	6751d3b7c68e4d6430db47b013c01fc3700b883a	telegram	dispatched	stage=S3
2026-08-29T01:01:32Z	features-resolve	-	telegram	carrier-default	stage=S3
2026-08-29T01:01:32Z	watch	6751d3b7c68e4d6430db47b013c01fc3700b883a	-	clean:ship-event	stage=S3
2026-08-29T01:01:37Z	swap	c6e66d7abf8f647a2d0473391dd603bfaeea8039	telegram	handed-off:oc-swap-c6e66d7a-1787965297	stage=S3
2026-08-29T01:03:18Z	swap	c6e66d7abf8f647a2d0473391dd603bfaeea8039	telegram	deployed	stage=S3
2026-08-29T01:08:39Z	features-resolve	-	telegram	carrier-default	stage=S3
2026-08-29T01:08:40Z	watch	6751d3b7c68e4d6430db47b013c01fc3700b883a	-	clean:ship-event	stage=S3
2026-08-29T01:23:08Z	features-resolve	-	telegram	carrier-default	stage=S3
2026-08-29T01:23:09Z	watch	6751d3b7c68e4d6430db47b013c01fc3700b883a	-	clean:ship-event	stage=S3
2026-08-29T01:23:10Z	swap	6751d3b7c68e4d6430db47b013c01fc3700b883a	telegram	handed-off:oc-swap-6751d3b7-1787966590	stage=S3
2026-08-29T01:24:50Z	swap	6751d3b7c68e4d6430db47b013c01fc3700b883a	telegram	deployed	stage=S3
2026-08-29T01:54:22Z	ship	72af2c97235cf97078032a5abdf60f545e9a0606	telegram	fetch-fail	stage=S3
2026-08-29T01:54:30Z	watch	72af2c97235cf97078032a5abdf60f545e9a0606	-	ALERT:stray	stage=S3
2026-08-29T01:54:36Z	ship	72af2c97235cf97078032a5abdf60f545e9a0606	telegram	dispatched	stage=S3
2026-08-29T02:23:32Z	features-resolve	-	telegram	carrier-default	stage=S3
2026-08-29T02:23:32Z	watch	72af2c97235cf97078032a5abdf60f545e9a0606	-	clean:ship-event	stage=S3
2026-08-29T02:23:38Z	swap	72af2c97235cf97078032a5abdf60f545e9a0606	telegram	handed-off:oc-swap-72af2c97-1787970218	stage=S3
2026-08-29T02:24:48Z	swap	72af2c97235cf97078032a5abdf60f545e9a0606	telegram	deployed	stage=S3
2026-08-29T07:45:30Z	watch	72af2c97235cf97078032a5abdf60f545e9a0606	-	clean:deployed-sha	stage=S3
2026-08-29T07:51:24Z	ship	b89b9be32864126a7164e77dc66b48045cdd5d47	telegram	fetch-fail	stage=S3
2026-08-29T07:51:45Z	watch	b89b9be32864126a7164e77dc66b48045cdd5d47	-	ALERT:stray	stage=S3
2026-08-29T07:51:54Z	ship	b89b9be32864126a7164e77dc66b48045cdd5d47	telegram	dispatched	stage=S3
2026-08-29T08:36:17Z	ship	aa8d71cc2cbe78a750973a0dfb75244186984b32	telegram	fetch-fail	stage=S3
2026-08-29T08:36:25Z	watch	aa8d71cc2cbe78a750973a0dfb75244186984b32	-	ALERT:stray	stage=S3
2026-08-29T08:36:29Z	ship	aa8d71cc2cbe78a750973a0dfb75244186984b32	telegram	gate-fail	stage=S3
2026-08-29T08:40:01Z	watch	aa8d71cc2cbe78a750973a0dfb75244186984b32	-	ALERT:stray	stage=S3
2026-08-29T08:40:06Z	ship	aa8d71cc2cbe78a750973a0dfb75244186984b32	telegram	dispatched	stage=S3
2026-08-29T08:40:53Z	features-resolve	-	telegram	carrier-default	stage=S3
2026-08-29T08:40:54Z	watch	aa8d71cc2cbe78a750973a0dfb75244186984b32	-	clean:ship-event	stage=S3
2026-08-29T08:40:56Z	swap	b89b9be32864126a7164e77dc66b48045cdd5d47	telegram	handed-off:oc-swap-b89b9be3-1787992856	stage=S3
2026-08-29T08:42:04Z	swap	b89b9be32864126a7164e77dc66b48045cdd5d47	telegram	deployed	stage=S3
2026-08-29T09:23:51Z	features-resolve	-	telegram	carrier-default	stage=S3
2026-08-29T09:23:51Z	watch	aa8d71cc2cbe78a750973a0dfb75244186984b32	-	clean:ship-event	stage=S3
2026-08-29T09:23:53Z	poll	aa8d71cc2cbe78a750973a0dfb75244186984b32	-	planned	stage=S3
2026-08-29T09:23:58Z	features-resolve	-	telegram	carrier-default	stage=S3
2026-08-29T09:23:59Z	watch	aa8d71cc2cbe78a750973a0dfb75244186984b32	-	clean:ship-event	stage=S3
2026-08-29T09:24:01Z	swap	aa8d71cc2cbe78a750973a0dfb75244186984b32	telegram	handed-off:oc-swap-aa8d71cc-1787995441	stage=S3
2026-08-29T09:25:16Z	swap	aa8d71cc2cbe78a750973a0dfb75244186984b32	telegram	deployed	stage=S3
2026-08-29T12:44:43Z	ship	39857b1680176838ac05bb42de7bbb79bfa0ad1e	telegram	fetch-fail	stage=S3
2026-08-29T13:22:10Z	ship	ad6d9505b2ff55389f7c3585e81b39c49511cfda	telegram	fetch-fail	stage=S3
2026-08-29T13:22:20Z	watch	ad6d9505b2ff55389f7c3585e81b39c49511cfda	-	ALERT:stray	stage=S3
2026-08-29T13:22:25Z	ship	ad6d9505b2ff55389f7c3585e81b39c49511cfda	telegram	dispatched	stage=S3
2026-08-29T13:44:44Z	features-resolve	-	telegram	carrier-default	stage=S3
2026-08-29T13:44:45Z	watch	ad6d9505b2ff55389f7c3585e81b39c49511cfda	-	clean:ship-event	stage=S3
2026-08-29T13:44:52Z	swap	ad6d9505b2ff55389f7c3585e81b39c49511cfda	telegram	handed-off:oc-swap-ad6d9505-1788011092	stage=S3
2026-08-29T13:46:29Z	swap	ad6d9505b2ff55389f7c3585e81b39c49511cfda	telegram	deployed	stage=S3
2026-08-29T14:53:45Z	watch	08017311febb7ba932caae905f65244345a03608	-	ALERT:stray	stage=S3
2026-08-29T14:53:50Z	ship	08017311febb7ba932caae905f65244345a03608	telegram	dispatched	stage=S3
2026-08-29T19:52:26Z	ship	2d0615ec02bd60387b8728b58360e3546e54d445	telegram	fetch-fail	stage=S3
2026-08-29T19:52:39Z	watch	2d0615ec02bd60387b8728b58360e3546e54d445	-	ALERT:stray	stage=S3
2026-08-29T19:52:44Z	ship	2d0615ec02bd60387b8728b58360e3546e54d445	telegram	dispatched	stage=S3
2026-08-29T19:53:11Z	features-resolve	-	telegram	carrier-default	stage=S3
2026-08-29T19:53:11Z	watch	2d0615ec02bd60387b8728b58360e3546e54d445	-	clean:ship-event	stage=S3
2026-08-29T20:13:03Z	features-resolve	-	telegram	carrier-default	stage=S3
2026-08-29T20:13:03Z	watch	2d0615ec02bd60387b8728b58360e3546e54d445	-	clean:ship-event	stage=S3
2026-08-29T20:13:08Z	swap	2d0615ec02bd60387b8728b58360e3546e54d445	telegram	handed-off:oc-swap-2d0615ec-1788034388	stage=S3
2026-08-29T20:14:51Z	swap	2d0615ec02bd60387b8728b58360e3546e54d445	telegram	deployed	stage=S3
2026-08-29T21:25:07Z	watch	379da3ae4e94fcfcaa51647d97371285efd83bee	-	ALERT:stray	stage=S3
2026-08-29T21:25:11Z	ship	379da3ae4e94fcfcaa51647d97371285efd83bee	telegram	gate-fail	stage=S3
2026-08-29T22:54:16Z	watch	781ecd80346459356800a5cf404077f287a4d9f7	-	ALERT:stray	stage=S3
2026-08-29T22:54:21Z	ship	781ecd80346459356800a5cf404077f287a4d9f7	telegram	dispatched	stage=S3
2026-08-29T23:17:28Z	features-resolve	-	telegram	carrier-default	stage=S3
2026-08-29T23:17:29Z	watch	781ecd80346459356800a5cf404077f287a4d9f7	-	clean:ship-event	stage=S3
2026-08-29T23:17:32Z	swap	781ecd80346459356800a5cf404077f287a4d9f7	telegram	handed-off:oc-swap-781ecd80-1788045452	stage=S3
2026-08-29T23:18:50Z	swap	781ecd80346459356800a5cf404077f287a4d9f7	telegram	deployed	stage=S3
2026-08-29T23:47:30Z	ship	cbc770585bf77a38a64e95780e126b59937dddb2	telegram	fetch-fail	stage=S3
2026-08-29T23:47:41Z	watch	cbc770585bf77a38a64e95780e126b59937dddb2	-	ALERT:stray	stage=S3
2026-08-29T23:47:44Z	ship	cbc770585bf77a38a64e95780e126b59937dddb2	telegram	dispatch-fail	stage=S3
2026-08-29T23:47:59Z	watch	cbc770585bf77a38a64e95780e126b59937dddb2	-	ALERT:stray	stage=S3
2026-08-29T23:48:03Z	ship	cbc770585bf77a38a64e95780e126b59937dddb2	telegram	dispatch-fail	stage=S3
2026-08-29T23:51:03Z	watch	cbc770585bf77a38a64e95780e126b59937dddb2	-	ALERT:stray	stage=S3
2026-08-29T23:51:09Z	ship	cbc770585bf77a38a64e95780e126b59937dddb2	telegram	dispatched	stage=S3
2026-08-30T00:34:18Z	features-resolve	-	telegram	carrier-default	stage=S3
2026-08-30T00:34:19Z	watch	cbc770585bf77a38a64e95780e126b59937dddb2	-	ALERT:stray	stage=S3
2026-08-30T00:34:21Z	swap	cbc770585bf77a38a64e95780e126b59937dddb2	telegram	handed-off:oc-swap-cbc77058-1788050060	stage=S3
2026-08-30T00:35:37Z	swap	cbc770585bf77a38a64e95780e126b59937dddb2	telegram	deployed	stage=S3
2026-08-30T07:45:35Z	ship	68e92c1f51fe31c18320d7084f4a9a107d6ba221	telegram	fetch-fail	stage=S3
2026-08-30T09:23:26Z	ship	68e92c1f51fe31c18320d7084f4a9a107d6ba221	telegram	fetch-fail	stage=S3
2026-08-30T09:23:50Z	watch	68e92c1f51fe31c18320d7084f4a9a107d6ba221	-	ALERT:stray	stage=S3
2026-08-30T09:23:55Z	ship	68e92c1f51fe31c18320d7084f4a9a107d6ba221	telegram	dispatched	stage=S3
2026-08-30T09:50:10Z	features-resolve	-	telegram	carrier-default	stage=S3
2026-08-30T09:50:10Z	watch	68e92c1f51fe31c18320d7084f4a9a107d6ba221	-	ALERT:stray	stage=S3
2026-08-30T09:50:13Z	swap	68e92c1f51fe31c18320d7084f4a9a107d6ba221	telegram	handed-off:oc-swap-68e92c1f-1788083413	stage=S3
2026-08-30T09:51:26Z	swap	68e92c1f51fe31c18320d7084f4a9a107d6ba221	telegram	deployed	stage=S3
2026-08-30T09:51:29Z	features-resolve	-	telegram	carrier-default	stage=S3
2026-08-30T09:51:30Z	watch	68e92c1f51fe31c18320d7084f4a9a107d6ba221	-	clean:deployed-sha	stage=S3
2026-08-30T10:28:11Z	features-resolve	-	telegram	carrier-default	stage=S3
2026-08-30T10:28:12Z	watch	37cf855544c452474b4a65686eee81564fb1e5f8	-	ALERT:stray	stage=S3
2026-08-30T10:28:24Z	ship	37cf855544c452474b4a65686eee81564fb1e5f8	telegram	dispatched	stage=S3
2026-08-30T10:29:41Z	features-resolve	-	telegram	carrier-default	stage=S3
2026-08-30T10:29:44Z	watch	37cf855544c452474b4a65686eee81564fb1e5f8	-	clean:ship-event	stage=S3
2026-08-30T12:07:39Z	watch	9e1299c69582c7fbcf7069a242ff883d6c165e64	-	ALERT:stray	stage=S3
2026-08-30T12:07:44Z	ship	9e1299c69582c7fbcf7069a242ff883d6c165e64	telegram	dispatched	stage=S3
2026-08-30T12:16:40Z	watch	9c14c8d8906a8ddc9d731b0acbd6eba398a11750	-	ALERT:stray	stage=S3
2026-08-30T12:16:44Z	ship	9c14c8d8906a8ddc9d731b0acbd6eba398a11750	telegram	gate-fail	stage=S3
2026-08-30T12:29:35Z	watch	a010ef88efbec55df4e1488c4253dc45e41b715e	-	ALERT:stray	stage=S3
2026-08-30T12:29:39Z	ship	a010ef88efbec55df4e1488c4253dc45e41b715e	telegram	gate-fail	stage=S3
2026-08-30T12:31:01Z	watch	a010ef88efbec55df4e1488c4253dc45e41b715e	-	ALERT:stray	stage=S3
2026-08-30T12:31:05Z	ship	a010ef88efbec55df4e1488c4253dc45e41b715e	telegram	dispatched	stage=S3
2026-08-30T12:49:25Z	watch	94910d20143f306aa74e6c6c1b35a931999a9593	-	ALERT:stray	stage=S3
2026-08-30T12:49:31Z	ship	94910d20143f306aa74e6c6c1b35a931999a9593	telegram	dispatched	stage=S3
2026-08-30T12:54:22Z	watch	267089af85d0d43f261d0308c1aa6edaa74a9827	-	ALERT:stray	stage=S3
2026-08-30T12:54:28Z	ship	267089af85d0d43f261d0308c1aa6edaa74a9827	telegram	dispatched	stage=S3
2026-08-30T13:17:03Z	features-resolve	-	telegram	carrier-default	stage=S3
2026-08-30T13:17:03Z	watch	267089af85d0d43f261d0308c1aa6edaa74a9827	-	clean:ship-event	stage=S3
2026-08-30T13:17:08Z	swap	267089af85d0d43f261d0308c1aa6edaa74a9827	telegram	handed-off:oc-swap-267089af-1788095828	stage=S3
2026-08-30T13:21:34Z	swap	267089af85d0d43f261d0308c1aa6edaa74a9827	telegram	deployed	stage=S3
2026-08-30T13:51:49Z	features-resolve	-	telegram	carrier-default	stage=S3
2026-08-30T13:51:57Z	watch	267089af85d0d43f261d0308c1aa6edaa74a9827	-	clean:deployed-sha	stage=S3
2026-08-30T13:51:57Z	ship	b44e73baf199975865021ed7f7dd3a55e7a91493	telegram	rebase-needed	stage=S3
2026-08-30T14:35:07Z	ship	16568074ac6a061500ce4c7595893682bdeadf29	telegram	fetch-fail	stage=S3
2026-08-30T14:35:15Z	watch	16568074ac6a061500ce4c7595893682bdeadf29	-	ALERT:stray	stage=S3
2026-08-30T14:35:20Z	ship	16568074ac6a061500ce4c7595893682bdeadf29	telegram	dispatched	stage=S3
2026-08-30T14:35:35Z	features-resolve	-	telegram	carrier-default	stage=S3
2026-08-30T14:35:35Z	watch	16568074ac6a061500ce4c7595893682bdeadf29	-	clean:ship-event	stage=S3
2026-08-30T15:24:39Z	ship	8e19c3d0c0f9266f483763f07a846e2d6757ad71	telegram	fetch-fail	stage=S3
2026-08-30T15:24:46Z	watch	8e19c3d0c0f9266f483763f07a846e2d6757ad71	-	ALERT:stray	stage=S3
2026-08-30T15:24:52Z	ship	8e19c3d0c0f9266f483763f07a846e2d6757ad71	telegram	dispatched	stage=S3
2026-08-30T15:25:20Z	features-resolve	-	telegram	carrier-default	stage=S3
2026-08-30T15:25:20Z	watch	8e19c3d0c0f9266f483763f07a846e2d6757ad71	-	clean:ship-event	stage=S3
2026-08-30T15:25:23Z	swap	16568074ac6a061500ce4c7595893682bdeadf29	telegram	handed-off:oc-swap-16568074-1788103523	stage=S3
2026-08-30T15:26:36Z	swap	16568074ac6a061500ce4c7595893682bdeadf29	telegram	deployed	stage=S3
2026-08-30T15:33:39Z	watch	8e19c3d0c0f9266f483763f07a846e2d6757ad71	-	clean:ship-event	stage=S3
2026-08-31T02:57:21Z	watch	d7afa5698364f16390087739dd7a8e9fffd2c04c	-	ALERT:stray	stage=S3
2026-08-31T02:57:27Z	ship	d7afa5698364f16390087739dd7a8e9fffd2c04c	telegram	dispatched	stage=S3
2026-08-31T03:21:36Z	features-resolve	-	telegram	carrier-default	stage=S3
2026-08-31T03:21:36Z	watch	d7afa5698364f16390087739dd7a8e9fffd2c04c	-	ALERT:stray	stage=S3
2026-08-31T03:21:39Z	swap	d7afa5698364f16390087739dd7a8e9fffd2c04c	telegram	handed-off:oc-swap-d7afa569-1788146498	stage=S3
2026-08-31T03:23:09Z	swap	d7afa5698364f16390087739dd7a8e9fffd2c04c	telegram	deployed	stage=S3
2026-08-31T04:20:02Z	ship	96fd2501403f40b3b002a161d0ff194978badbc0	telegram	fetch-fail	stage=S3
2026-08-31T04:20:09Z	watch	96fd2501403f40b3b002a161d0ff194978badbc0	-	ALERT:stray	stage=S3
2026-08-31T04:20:15Z	ship	96fd2501403f40b3b002a161d0ff194978badbc0	telegram	dispatched	stage=S3
